
> temp_next@0.1.0 build
> next build && next-sitemap

   ??Next.js 16.0.10 (Turbopack)

node.exe :  ??The "middleware" file convention is depre
cated. Please use "proxy" instead. Learn more: https://
nextjs.org/docs/messages/middleware-to-proxy
위치 줄:1 문자:1
+ & "C:\Program Files\nodejs/node.exe" "C:\Program File
s\nodejs/node_mo ...
+ ~~~~~~~~~~~~~~~~~~~~~~~~~~~~~~~~~~~~~~~~~~~~~~~~~~~~~
~~~~~~~~~~~~~~~~
    + CategoryInfo          : NotSpecified: ( ??The "m 
   iddlew...leware-to-proxy:String) [], RemoteExcepti  
  on
    + FullyQualifiedErrorId : NativeCommandError
 
   Creating an optimized production build ...

> Build error occurred
Error: Turbopack build failed with 1 errors:
./src/app/[locale]/barcode/page.tsx:3:26
Ecmascript file had an error
[0m [90m 1 |[39m [36mimport[39m dynamic [36mfrom
[39m [32m'next/dynamic'[39m[33m;[39m
 [90m 2 |[39m
[31m[1m>[22m[39m[90m 3 |[39m [36mconst[39m [33
mBarcodeGenerator[39m [33m=[39m dynamic(() [33m=>[
39m [36mimport[39m([32m"@/components/BarcodeGenerato
r"[39m)[33m,[39m {
 [90m   |[39m                          [31m[1m^[22
m[39m[31m[1m^[22m[39m[31m[1m^[22m[39m[31m[1m
^[22m[39m[31m[1m^[22m[39m[31m[1m^[22m[39m[31
m[1m^[22m[39m[31m[1m^[22m[39m[31m[1m^[22m[39
m[31m[1m^[22m[39m[31m[1m^[22m[39m[31m[1m^[22
m[39m[31m[1m^[22m[39m[31m[1m^[22m[39m[31m[1m
^[22m[39m[31m[1m^[22m[39m[31m[1m^[22m[39m[31
m[1m^[22m[39m[31m[1m^[22m[39m[31m[1m^[22m[39
m[31m[1m^[22m[39m[31m[1m^[22m[39m[31m[1m^[22
m[39m[31m[1m^[22m[39m[31m[1m^[22m[39m[31m[1m
^[22m[39m[31m[1m^[22m[39m[31m[1m^[22m[39m[31
m[1m^[22m[39m[31m[1m^[22m[39m[31m[1m^[22m[39
m[31m[1m^[22m[39m[31m[1m^[22m[39m[31m[1m^[22
m[39m[31m[1m^[22m[39m[31m[1m^[22m[39m[31m[1m
^[22m[39m[31m[1m^[22m[39m[31m[1m^[22m[39m[31
m[1m^[22m[39m[31m[1m^[22m[39m[31m[1m^[22m[39
m[31m[1m^[22m[39m[31m[1m^[22m[39m[31m[1m^[22
m[39m[31m[1m^[22m[39m[31m[1m^[22m[39m[31m[1m
^[22m[39m[31m[1m^[22m[39m[31m[1m^[22m[39m[31
m[1m^[22m[39m[31m[1m^[22m[39m[31m[1m^[22m[39
m[31m[1m^[22m[39m[31m[1m^[22m[39m[31m[1m^[22
m[39m
[31m[1m>[22m[39m[90m 4 |[39m     ssr[33m:[39m 
[36mfalse[39m[33m,[39m
 [90m   |[39m [31m[1m^[22m[39m[31m[1m^[22m[39
m[31m[1m^[22m[39m[31m[1m^[22m[39m[31m[1m^[22
m[39m[31m[1m^[22m[39m[31m[1m^[22m[39m[31m[1m
^[22m[39m[31m[1m^[22m[39m[31m[1m^[22m[39m[31
m[1m^[22m[39m[31m[1m^[22m[39m[31m[1m^[22m[39
m[31m[1m^[22m[39m[31m[1m^[22m[39m
[31m[1m>[22m[39m[90m 5 |[39m     loading[33m:[3
9m () [33m=>[39m [33m<[39m[33mdiv[39m style[33m=
[39m{{ minHeight[33m:[39m [32m'400px'[39m }}[33m>
[39m?꾧뎄瑜?遺덈윭?ㅻ뒗 以?[33m...[39m[33m<[39m[33m/[39m[
33mdiv[39m[33m>[39m
 [90m   |[39m [31m[1m^[22m[39m[31m[1m^[22m[39
m[31m[1m^[22m[39m[31m[1m^[22m[39m[31m[1m^[22
m[39m[31m[1m^[22m[39m[31m[1m^[22m[39m[31m[1m
^[22m[39m[31m[1m^[22m[39m[31m[1m^[22m[39m[31
m[1m^[22m[39m[31m[1m^[22m[39m[31m[1m^[22m[39
m[31m[1m^[22m[39m[31m[1m^[22m[39m
[31m[1m>[22m[39m[90m 6 |[39m })[33m;[39m
 [90m   |[39m [31m[1m^[22m[39m[31m[1m^[22m[39
m[31m[1m^[22m[39m
 [90m 7 |[39m
 [90m 8 |[39m [36mimport[39m { useTranslations } [
36mfrom[39m [32m'next-intl'[39m[33m;[39m
 [90m 9 |[39m[0m

`ssr: false` is not allowed with `next/dynamic` in Serv
er Components. Please move it into a Client Component.


    at <unknown> (./src/app/[locale]/barcode/page.tsx:3
:26)
